gcc -g p4original.c
 ./a.out
Enter the length of the array:
4
Enter all values of the array:
3
4
5
6
sum is 10
 
 gdb a.out
GNU gdb (Ubuntu 8.1.1-0ubuntu1) 8.1.1
Copyright (C) 2018 Free Software Foundation, Inc.
License GPLv3+: GNU GPL version 3 or later <http://gnu.org/licenses/gpl.html>
This is free software: you are free to change and redistribute it.
There is NO WARRANTY, to the extent permitted by law.  Type "show copying"
and "show warranty" for details.
This GDB was configured as "x86_64-linux-gnu".
Type "show configuration" for configuration details.
For bug reporting instructions, please see:
<http://www.gnu.org/software/gdb/bugs/>.
Find the GDB manual and other documentation resources online at:
<http://www.gnu.org/software/gdb/documentation/>.
For help, type "help".
Type "apropos word" to search for commands related to "word"...
Reading symbols from a.out...done.
(gdb) b main
Breakpoint 1 at 0x8f8: file p4original.c, line 49.
(gdb) r
Starting program: /home/runner/ppa-IA2-practice2-2/a.out 
warning: Error disabling address space randomization: Operation not permitted

Breakpoint 1, main () at p4original.c:49
49  {
(gdb) n
50    int length = input_array_size();
(gdb) n
Enter the length of the array:
4
51    int data[length];
(gdb) n
52    input_array(length, data);
(gdb) n
Enter all values of the array:
4
6
3
2
53    int result = sum_composite_numbers(length, data);
(gdb) n
54    output(result);
(gdb) s
output (sum=10) at p4original.c:45
45    printf("sum is %d\n", sum);
(gdb) n
sum is 10
46  }
(gdb) n
main () at p4original.c:55
55    return 0;
(gdb) 
