gcc -g p8original.c
 ./a.out
enter numbers of triangles
3
enter the base and altitude of triangle:4
5
enter the base and altitude of triangle:6
5
enter the base and altitude of triangle:1
2
smallest triangle is 1.000000 2.000000 having area 1.000000 
 gdb a.out
GNU gdb (Ubuntu 8.1.1-0ubuntu1) 8.1.1
Copyright (C) 2018 Free Software Foundation, Inc.
License GPLv3+: GNU GPL version 3 or later <http://gnu.org/licenses/gpl.html>
This is free software: you are free to change and redistribute it.
There is NO WARRANTY, to the extent permitted by law.  Type "show copying"
and "show warranty" for details.
This GDB was configured as "x86_64-linux-gnu".
Type "show configuration" for configuration details.
For bug reporting instructions, please see:
<http://www.gnu.org/software/gdb/bugs/>.
Find the GDB manual and other documentation resources online at:
<http://www.gnu.org/software/gdb/documentation/>.
For help, type "help".
Type "apropos word" to search for commands related to "word"...
Reading symbols from a.out...done.
(gdb) b main
Breakpoint 1 at 0xa3d: file p8original.c, line 51.
(gdb) r
Starting program: /home/runner/ppa-IA2-practice2-2/a.out 
warning: Error disabling address space randomization: Operation not permitted

Breakpoint 1, main () at p8original.c:51
51  {
(gdb) n
53    n=input_n();
(gdb) n
enter numbers of triangles
4
54    Triangle t[n];
(gdb) n
55    input_n_triangles(n,t);
(gdb) n
enter the base and altitude of triangle:4
5
enter the base and altitude of triangle:6
7
enter the base and altitude of triangle:8
9
enter the base and altitude of triangle:4
5
56    find_areas_n(n,t);
(gdb) n
58    small=find_smallest_triangle(n,t);
(gdb) n
59    output(n,t,small);
(gdb) n
60    return 0;
